gpu02:240881:240881 [0] NCCL INFO Bootstrap : Using ib0:10.12.4.2<0>
gpu02:240881:240881 [0] NCCL INFO NET/Plugin: No plugin found (libnccl-net.so)
gpu02:240881:240881 [0] NCCL INFO NET/Plugin: Plugin load returned 2 : libnccl-net.so: cannot open shared object file: No such file or directory : when loading libnccl-net.so
gpu02:240881:240881 [0] NCCL INFO NET/Plugin: Using internal network plugin.
gpu02:240881:240881 [0] NCCL INFO cudaDriverVersion 12040
gpu02:240881:240881 [0] NCCL INFO NCCL version 2.21.5+cuda12.4
gpu02:240881:240881 [0] NCCL INFO init.cc:1785 Cuda Host Alloc Size 4 pointer 0x7f9bab400000
gpu02:240881:240881 [0] NCCL INFO Comm config Blocking set to 1
gpu02:240881:241066 [0] NCCL INFO NET/IB : Using [0]mlx5_0:1/IB ; OOB ib0:10.12.4.2<0>
gpu02:240881:241066 [0] NCCL INFO Using non-device net plugin version 0
gpu02:240881:241066 [0] NCCL INFO Using network IB
gpu02:240881:241066 [0] NCCL INFO ncclCommInitRank comm 0xa0838c0 rank 0 nranks 2 cudaDev 0 nvmlDev 0 busId 89000 commId 0xa48f51c551ada68d - Init START
gpu02:240881:241066 [0] NCCL INFO NET/IB : GPU Direct RDMA Disabled for HCA 0 'mlx5_0'
gpu02:240881:241066 [0] NCCL INFO === System : maxBw 12.0 totalBw 12.0 ===
gpu02:240881:241066 [0] NCCL INFO CPU/0-1 (1/1/2)
gpu02:240881:241066 [0] NCCL INFO + PCI[12.0] - PCI/0-84000 (11f8853611f8beef)
gpu02:240881:241066 [0] NCCL INFO               + PCI[12.0] - GPU/0-89000 (0)
gpu02:240881:241066 [0] NCCL INFO               + PCI[12.0] - GPU/0-8a000 (1)
gpu02:240881:241066 [0] NCCL INFO + PCI[12.0] - PCI/0-bb000 (11f8853611f8beef)
gpu02:240881:241066 [0] NCCL INFO               + PCI[12.0] - NIC/0-bf000
gpu02:240881:241066 [0] NCCL INFO ==========================================
gpu02:240881:241066 [0] NCCL INFO GPU/89000 :GPU/0-89000 (0/5000.0/LOC) GPU/0-8a000 (2/12.0/PIX) CPU/0-1 (2/12.0/PHB) 
gpu02:240881:241066 [0] NCCL INFO GPU/8A000 :GPU/0-89000 (2/12.0/PIX) GPU/0-8a000 (0/5000.0/LOC) CPU/0-1 (2/12.0/PHB) 
gpu02:240881:241066 [0] NCCL INFO Setting affinity for GPU 0 to 0a,aa000000
gpu02:240881:241066 [0] NCCL INFO Pattern 4, crossNic 0, nChannels 1, bw 12.000000/12.000000, type PIX/PIX, sameChannels 1
gpu02:240881:241066 [0] NCCL INFO  0 : GPU/0 GPU/1
gpu02:240881:241066 [0] NCCL INFO Pattern 1, crossNic 0, nChannels 1, bw 12.000000/12.000000, type PIX/PIX, sameChannels 1
gpu02:240881:241066 [0] NCCL INFO  0 : GPU/0 GPU/1
gpu02:240881:241066 [0] NCCL INFO comm 0xa0838c0 rank 0 nRanks 2 nNodes 1 localRanks 2 localRank 0 MNNVL 0
gpu02:240881:241066 [0] NCCL INFO Tree 0 : -1 -> 0 -> 1/-1/-1
gpu02:240881:241066 [0] NCCL INFO Tree 1 : -1 -> 0 -> 1/-1/-1
gpu02:240881:241066 [0] NCCL INFO Channel 00/02 :    0   1
gpu02:240881:241066 [0] NCCL INFO Channel 01/02 :    0   1
gpu02:240881:241066 [0] NCCL INFO Ring 00 : 1 -> 0 -> 1
gpu02:240881:241066 [0] NCCL INFO Ring 01 : 1 -> 0 -> 1
gpu02:240881:241066 [0] NCCL INFO Trees [0] 1/-1/-1->0->-1 [1] 1/-1/-1->0->-1
gpu02:240881:241066 [0] NCCL INFO P2P Chunksize set to 131072
gpu02:240881:241066 [0] NCCL INFO UDS: Creating service thread comm 0xa0838c0 rank 0
gpu02:240881:241066 [0] NCCL INFO misc/utils.cc:235 memory stack hunk malloc(65536)
gpu02:240881:241066 [0] NCCL INFO channel.cc:41 Cuda Alloc Size 1216 pointer 0x7f9b83a00000
gpu02:240881:241066 [0] NCCL INFO channel.cc:44 Cuda Alloc Size 40 pointer 0x7f9b83c00000
gpu02:240881:241066 [0] NCCL INFO channel.cc:55 Cuda Alloc Size 8 pointer 0x7f9b83e00000
gpu02:240881:241066 [0] NCCL INFO channel.cc:41 Cuda Alloc Size 1216 pointer 0x7f9b85400000
gpu02:240881:241066 [0] NCCL INFO channel.cc:44 Cuda Alloc Size 40 pointer 0x7f9b85600000
gpu02:240881:241066 [0] NCCL INFO channel.cc:55 Cuda Alloc Size 8 pointer 0x7f9b85800000
gpu02:240881:241072 [0] NCCL INFO Mem Realloc old size 0, new size 8 pointer 0x7f9b40000c60
gpu02:240881:241072 [0] NCCL INFO New proxy recv connection 0 from local rank 0, transport 0
gpu02:240881:241072 [0] NCCL INFO proxyProgressAsync opId=0x7f9b4bb062f0 op.type=1 op.reqBuff=0x7f9b40000c20 op.respSize=16 done
gpu02:240881:241066 [0] NCCL INFO ncclPollProxyResponse Received new opId=0x7f9b4bb062f0
gpu02:240881:241066 [0] NCCL INFO resp.opId=0x7f9b4bb062f0 matches expected opId=0x7f9b4bb062f0
gpu02:240881:241066 [0] NCCL INFO Connected to proxy localRank 0 -> connection 0x7f9b40004010
gpu02:240881:241072 [0] NCCL INFO Received and initiated operation=Init res=0
gpu02:240881:241072 [0] NCCL INFO Allocated shareable buffer 0x7f9b87400000 size 10485760 ipcDesc 0x7f9b40000c90
gpu02:240881:241072 [0] NCCL INFO proxyProgressAsync opId=0x7f9b4bb062f0 op.type=3 op.reqBuff=0x7f9b40000c40 op.respSize=80 done
gpu02:240881:241066 [0] NCCL INFO ncclPollProxyResponse Received new opId=0x7f9b4bb062f0
gpu02:240881:241072 [0] NCCL INFO Received and initiated operation=Setup res=0
gpu02:240881:241066 [0] NCCL INFO resp.opId=0x7f9b4bb062f0 matches expected opId=0x7f9b4bb062f0
gpu02:240881:241072 [0] NCCL INFO New proxy recv connection 1 from local rank 0, transport 0
gpu02:240881:241072 [0] NCCL INFO proxyProgressAsync opId=0x7f9b4bb062f0 op.type=1 op.reqBuff=0x7f9b40000c40 op.respSize=16 done
gpu02:240881:241066 [0] NCCL INFO ncclPollProxyResponse Received new opId=0x7f9b4bb062f0
gpu02:240881:241072 [0] NCCL INFO Received and initiated operation=Init res=0
gpu02:240881:241066 [0] NCCL INFO resp.opId=0x7f9b4bb062f0 matches expected opId=0x7f9b4bb062f0
gpu02:240881:241066 [0] NCCL INFO Connected to proxy localRank 0 -> connection 0x7f9b40004088
gpu02:240881:241072 [0] NCCL INFO Allocated shareable buffer 0x7f9b89400000 size 10485760 ipcDesc 0x7f9b40000c90
gpu02:240881:241072 [0] NCCL INFO proxyProgressAsync opId=0x7f9b4bb062f0 op.type=3 op.reqBuff=0x7f9b400091a0 op.respSize=80 done
gpu02:240881:241066 [0] NCCL INFO ncclPollProxyResponse Received new opId=0x7f9b4bb062f0
gpu02:240881:241072 [0] NCCL INFO Received and initiated operation=Setup res=0
gpu02:240881:241066 [0] NCCL INFO resp.opId=0x7f9b4bb062f0 matches expected opId=0x7f9b4bb062f0
gpu02:240881:241066 [0] NCCL INFO Channel 00/0 : 0[0] -> 1[1] via P2P/CUMEM
gpu02:240881:241072 [0] NCCL INFO New proxy send connection 2 from local rank 0, transport 0
gpu02:240881:241072 [0] NCCL INFO proxyProgressAsync opId=0x7f9b4bb062f0 op.type=1 op.reqBuff=0x7f9b400091a0 op.respSize=16 done
gpu02:240881:241066 [0] NCCL INFO ncclPollProxyResponse Received new opId=0x7f9b4bb062f0
gpu02:240881:241072 [0] NCCL INFO Received and initiated operation=Init res=0
gpu02:240881:241066 [0] NCCL INFO resp.opId=0x7f9b4bb062f0 matches expected opId=0x7f9b4bb062f0
gpu02:240881:241066 [0] NCCL INFO Connected to proxy localRank 0 -> connection 0x7f9b40004100
gpu02:240881:241072 [0] NCCL INFO Allocated shareable buffer 0x7f9b85a00000 size 2097152 ipcDesc 0x7f9b40000c90
gpu02:240881:241072 [0] NCCL INFO proxyProgressAsync opId=0x7f9b4bb062f0 op.type=3 op.reqBuff=0x7f9b4000aa60 op.respSize=80 done
gpu02:240881:241066 [0] NCCL INFO ncclPollProxyResponse Received new opId=0x7f9b4bb062f0
gpu02:240881:241072 [0] NCCL INFO Received and initiated operation=Setup res=0
gpu02:240881:241066 [0] NCCL INFO resp.opId=0x7f9b4bb062f0 matches expected opId=0x7f9b4bb062f0
gpu02:240881:241066 [0] NCCL INFO Channel 01/0 : 0[0] -> 1[1] via P2P/CUMEM
gpu02:240881:241072 [0] NCCL INFO New proxy send connection 3 from local rank 0, transport 0
gpu02:240881:241072 [0] NCCL INFO proxyProgressAsync opId=0x7f9b4bb062f0 op.type=1 op.reqBuff=0x7f9b4000aa60 op.respSize=16 done
gpu02:240881:241066 [0] NCCL INFO ncclPollProxyResponse Received new opId=0x7f9b4bb062f0
gpu02:240881:241072 [0] NCCL INFO Received and initiated operation=Init res=0
gpu02:240881:241066 [0] NCCL INFO resp.opId=0x7f9b4bb062f0 matches expected opId=0x7f9b4bb062f0
gpu02:240881:241066 [0] NCCL INFO Connected to proxy localRank 0 -> connection 0x7f9b40004178
gpu02:240881:241072 [0] NCCL INFO Allocated shareable buffer 0x7f9b85c00000 size 2097152 ipcDesc 0x7f9b40000c90
gpu02:240881:241072 [0] NCCL INFO proxyProgressAsync opId=0x7f9b4bb062f0 op.type=3 op.reqBuff=0x7f9b4000c140 op.respSize=80 done
gpu02:240881:241066 [0] NCCL INFO ncclPollProxyResponse Received new opId=0x7f9b4bb062f0
gpu02:240881:241072 [0] NCCL INFO Received and initiated operation=Setup res=0
gpu02:240881:241066 [0] NCCL INFO resp.opId=0x7f9b4bb062f0 matches expected opId=0x7f9b4bb062f0
gpu02:240881:241066 [0] NCCL INFO ProxyCall UDS comm 0xa0838c0 rank 0 tpRank 1(12cfdde7f30a8560) reqSize 8 respSize 0 respFd 0x7f9be5dc7d68 opId 0xae62ab0482c685b8
gpu02:240881:241074 [0] NCCL INFO proxyUDSRecvReq::ncclProxyMsgGetFd rank 1 opId 0x7e6ed7030eb8a3a7 handle=0x7f9b40000ce0
gpu02:240881:241074 [0] NCCL INFO UDS proxyGetFd received handle 0x7f9b40000ce0 peer 1 opId 7e6ed7030eb8a3a7
gpu02:240881:241066 [0] NCCL INFO ProxyCall UDS comm 0xa0838c0 rank 0 tpRank 1(12cfdde7f30a8560) reqSize 8 respSize 0 respFd 78 opId 0xae62ab0482c685b8 - DONE
gpu02:240881:241066 [0] NCCL INFO UDS: ClientGetFd handle 0x7fdaa0000ce0 tpRank 1 returned fd 78
gpu02:240881:241066 [0] NCCL INFO UDS converted handle 0x7fdaa0000ce0 to fd 78 on remote peer 1
gpu02:240881:241066 [0] NCCL INFO Imported shareable buffer device 0 size 10485760 ptr 0x7f9b8b400000
gpu02:240881:241066 [0] NCCL INFO ProxyCall UDS comm 0xa0838c0 rank 0 tpRank 1(12cfdde7f30a8560) reqSize 8 respSize 0 respFd 0x7f9be5dc6d58 opId 0x164e71739347434d
gpu02:240881:241074 [0] NCCL INFO proxyUDSRecvReq::ncclProxyMsgGetFd rank 1 opId 0x2c569b030efb7156 handle=0x7f9b4000aa80
gpu02:240881:241074 [0] NCCL INFO UDS proxyGetFd received handle 0x7f9b4000aa80 peer 1 opId 2c569b030efb7156
gpu02:240881:241066 [0] NCCL INFO ProxyCall UDS comm 0xa0838c0 rank 0 tpRank 1(12cfdde7f30a8560) reqSize 8 respSize 0 respFd 78 opId 0x164e71739347434d - DONE
gpu02:240881:241066 [0] NCCL INFO UDS: ClientGetFd handle 0x7fdaa000aa80 tpRank 1 returned fd 78
gpu02:240881:241066 [0] NCCL INFO UDS converted handle 0x7fdaa000aa80 to fd 78 on remote peer 1
gpu02:240881:241066 [0] NCCL INFO Imported shareable buffer device 0 size 2097152 ptr 0x7f9b85e00000
gpu02:240881:241066 [0] NCCL INFO ProxyCall UDS comm 0xa0838c0 rank 0 tpRank 1(12cfdde7f30a8560) reqSize 8 respSize 0 respFd 0x7f9be5dc7d68 opId 0xab29fd1794222cd9
gpu02:240881:241074 [0] NCCL INFO proxyUDSRecvReq::ncclProxyMsgGetFd rank 1 opId 0x147662fd0fea975d handle=0x7f9b400091c0
gpu02:240881:241074 [0] NCCL INFO UDS proxyGetFd received handle 0x7f9b400091c0 peer 1 opId 147662fd0fea975d
gpu02:240881:241066 [0] NCCL INFO ProxyCall UDS comm 0xa0838c0 rank 0 tpRank 1(12cfdde7f30a8560) reqSize 8 respSize 0 respFd 78 opId 0xab29fd1794222cd9 - DONE
gpu02:240881:241066 [0] NCCL INFO UDS: ClientGetFd handle 0x7fdaa00091c0 tpRank 1 returned fd 78
gpu02:240881:241066 [0] NCCL INFO UDS converted handle 0x7fdaa00091c0 to fd 78 on remote peer 1
gpu02:240881:241066 [0] NCCL INFO Imported shareable buffer device 0 size 10485760 ptr 0x7f9b8d600000
gpu02:240881:241066 [0] NCCL INFO ProxyCall UDS comm 0xa0838c0 rank 0 tpRank 1(12cfdde7f30a8560) reqSize 8 respSize 0 respFd 0x7f9be5dc6d58 opId 0x6bd841a2325f0b42
gpu02:240881:241074 [0] NCCL INFO proxyUDSRecvReq::ncclProxyMsgGetFd rank 1 opId 0x4620e2a0e315396c handle=0x7f9b4000c160
gpu02:240881:241074 [0] NCCL INFO UDS proxyGetFd received handle 0x7f9b4000c160 peer 1 opId 4620e2a0e315396c
gpu02:240881:241066 [0] NCCL INFO ProxyCall UDS comm 0xa0838c0 rank 0 tpRank 1(12cfdde7f30a8560) reqSize 8 respSize 0 respFd 78 opId 0x6bd841a2325f0b42 - DONE
gpu02:240881:241066 [0] NCCL INFO UDS: ClientGetFd handle 0x7fdaa000c160 tpRank 1 returned fd 78
gpu02:240881:241066 [0] NCCL INFO UDS converted handle 0x7fdaa000c160 to fd 78 on remote peer 1
gpu02:240881:241066 [0] NCCL INFO Imported shareable buffer device 0 size 2097152 ptr 0x7f9b87e00000
gpu02:240881:241066 [0] NCCL INFO Connected all rings
gpu02:240881:241066 [0] NCCL INFO Connected all trees
gpu02:240881:241066 [0] NCCL INFO   Algorithm   |                            Tree                  |                            Ring                  |                   CollNetDirect                  |
gpu02:240881:241066 [0] NCCL INFO   Protocol    |             LL |          LL128 |         Simple |             LL |          LL128 |         Simple |             LL |          LL128 |         Simple |
gpu02:240881:241066 [0] NCCL INFO  Max NThreads |            512 |            640 |            512 |            512 |            640 |            256 |              0 |              0 |            640 |
gpu02:240881:241066 [0] NCCL INFO     Broadcast |     0.0/   0.0 |     0.0/   0.0 |     0.0/   0.0 |     7.6/   6.0 |    16.5/   0.0 |    14.1/  12.0 |     0.0/   0.0 |     0.0/   0.0 |     0.0/   0.0 |
gpu02:240881:241066 [0] NCCL INFO        Reduce |     0.0/   0.0 |     0.0/   0.0 |     0.0/   0.0 |     7.6/   6.0 |    16.5/   0.0 |    14.1/  12.0 |     0.0/   0.0 |     0.0/   0.0 |     0.0/   0.0 |
gpu02:240881:241066 [0] NCCL INFO     AllGather |     0.0/   0.0 |     0.0/   0.0 |     0.0/   0.0 |     7.6/  12.0 |    16.5/   0.0 |    14.1/  24.0 |     0.8/   0.0 |     0.8/   0.0 |    39.2/   0.0 |
gpu02:240881:241066 [0] NCCL INFO ReduceScatter |     0.0/   0.0 |     0.0/   0.0 |     0.0/   0.0 |     7.6/  12.0 |    16.5/   0.0 |    14.1/  24.0 |     0.8/   0.0 |     0.8/   0.0 |    39.2/   0.0 |
gpu02:240881:241066 [0] NCCL INFO     AllReduce |     8.8/   1.5 |    17.8/   0.0 |    56.0/   5.5 |     8.6/   6.0 |    19.0/   0.0 |    19.8/  12.0 |     0.8/   0.0 |     0.8/   0.0 |    39.2/   0.0 |
gpu02:240881:241066 [0] NCCL INFO   Algorithm   |                    CollNetChain                  |                            NVLS                  |                        NVLSTree                  |
gpu02:240881:241066 [0] NCCL INFO   Protocol    |             LL |          LL128 |         Simple |             LL |          LL128 |         Simple |             LL |          LL128 |         Simple |
gpu02:240881:241066 [0] NCCL INFO  Max NThreads |              0 |              0 |            640 |              0 |              0 |            640 |              0 |              0 |            640 |
gpu02:240881:241066 [0] NCCL INFO     Broadcast |     0.0/   0.0 |     0.0/   0.0 |     0.0/   0.0 |     0.0/   0.0 |     0.0/   0.0 |     0.0/   0.0 |     0.0/   0.0 |     0.0/   0.0 |     0.0/   0.0 |
gpu02:240881:241066 [0] NCCL INFO        Reduce |     0.0/   0.0 |     0.0/   0.0 |     0.0/   0.0 |     0.0/   0.0 |     0.0/   0.0 |     0.0/   0.0 |     0.0/   0.0 |     0.0/   0.0 |     0.0/   0.0 |
gpu02:240881:241066 [0] NCCL INFO     AllGather |     0.0/   0.0 |     0.0/   0.0 |     0.0/   0.0 |     0.0/   0.0 |     0.0/   0.0 |     0.0/   0.0 |     0.0/   0.0 |     0.0/   0.0 |     0.0/   0.0 |
gpu02:240881:241066 [0] NCCL INFO ReduceScatter |     0.0/   0.0 |     0.0/   0.0 |     0.0/   0.0 |     0.0/   0.0 |     0.0/   0.0 |     0.0/   0.0 |     0.0/   0.0 |     0.0/   0.0 |     0.0/   0.0 |
gpu02:240881:241066 [0] NCCL INFO     AllReduce |     0.0/   0.0 |     0.0/   0.0 |    35.6/   0.0 |     0.0/   0.0 |     0.0/   0.0 |     0.0/   0.0 |     0.0/   0.0 |     0.0/   0.0 |     0.0/   0.0 |
gpu02:240881:241066 [0] NCCL INFO threadThresholds 8/8/64 | 16/8/64 | 512 | 512
gpu02:240881:241066 [0] NCCL INFO 2 coll channels, 2 collnet channels, 0 nvls channels, 2 p2p channels, 2 p2p channels per peer
gpu02:240881:241072 [0] NCCL INFO Allocated 7340388 bytes of shared memory in /dev/shm/nccl-O2TeEO
gpu02:240881:241072 [0] NCCL INFO New proxy send connection 4 from local rank 0, transport 2
gpu02:240881:241072 [0] NCCL INFO proxyProgressAsync opId=0x7f9b4bb06310 op.type=1 op.reqBuff=0x7f9b4000c140 op.respSize=16 done
gpu02:240881:241066 [0] NCCL INFO ncclPollProxyResponse Received new opId=0x7f9b4bb06310
gpu02:240881:241072 [0] NCCL INFO Received and initiated operation=Init res=0
gpu02:240881:241066 [0] NCCL INFO resp.opId=0x7f9b4bb06310 matches expected opId=0x7f9b4bb06310
gpu02:240881:241066 [0] NCCL INFO Connected to proxy localRank 0 -> connection 0x7f9b400041f0
gpu02:240881:241072 [0] NCCL INFO Allocated shareable buffer 0x7f9b8f400000 size 4194304 ipcDesc 0x7f9b4000dc98
gpu02:240881:241072 [0] NCCL INFO proxyProgressAsync opId=0x7f9b4bb06310 op.type=2 op.reqBuff=0x7f9b4000d820 op.respSize=0 done
gpu02:240881:241066 [0] NCCL INFO ncclPollProxyResponse Received new opId=0x7f9b4bb06310
gpu02:240881:241072 [0] NCCL INFO Received and initiated operation=SharedInit res=0
gpu02:240881:241066 [0] NCCL INFO resp.opId=0x7f9b4bb06310 matches expected opId=0x7f9b4bb06310
gpu02:240881:241066 [0] NCCL INFO init.cc:402 Cuda Alloc Size 11856 pointer 0x7f9b89e00000
gpu02:240881:241066 [0] NCCL INFO init.cc:430 Cuda Host Alloc Size 33554432 pointer 0x7f9b3e000000
gpu02:240881:241066 [0] NCCL INFO init.cc:436 Cuda Host Alloc Size 128 pointer 0x7f9bab400200
gpu02:240881:241066 [0] NCCL INFO TUNER/Plugin: Plugin load returned 11 : libnccl-net.so: cannot open shared object file: No such file or directory : when loading libnccl-tuner.so
gpu02:240881:241066 [0] NCCL INFO TUNER/Plugin: Using internal tuner plugin.
gpu02:240881:241066 [0] NCCL INFO ncclCommInitRank comm 0xa0838c0 rank 0 nranks 2 cudaDev 0 nvmlDev 0 busId 89000 commId 0xa48f51c551ada68d - Init COMPLETE
gpu02:240881:240881 [0] NCCL INFO AllGather: opCount 0 sendbuff 0x7f9b7bfffe00 recvbuff 0x7f9b81512c00 count 8 datatype 0 op 0 root 0 comm 0xa0838c0 [nranks=2] stream 0x1757db0
gpu02:240881:240881 [0] NCCL INFO misc/utils.cc:235 memory stack hunk malloc(65536)
gpu02:240881:240881 [0] NCCL INFO 16 Bytes -> Algo 1 proto 0 time 7.601333
gpu02:240881:240881 [0] NCCL INFO Broadcast: opCount 1 sendbuff 0x7f9b81512c00 recvbuff 0x7f9b81512c00 count 464 datatype 0 op 0 root 0 comm 0xa0838c0 [nranks=2] stream 0x1757db0
gpu02:240881:240881 [0] NCCL INFO 464 Bytes -> Algo 1 proto 0 time 7.677333
gpu02:240881:240881 [0] NCCL INFO Broadcast: opCount 2 sendbuff 0x7f9b62800000 recvbuff 0x7f9b62800000 count 37040424 datatype 0 op 0 root 0 comm 0xa0838c0 [nranks=2] stream 0x1757db0
gpu02:240881:240881 [0] NCCL INFO 37040424 Bytes -> Algo 1 proto 2 time 3100.802002
gpu02:240881:241148 [0] NCCL INFO AllReduce: opCount 3 sendbuff 0x7f9b64c00000 recvbuff 0x7f9b64c00000 count 9260106 datatype 7 op 0 root 0 comm 0xa0838c0 [nranks=2] stream 0x1757db0
gpu02:240881:241148 [0] NCCL INFO 37040424 Bytes -> Algo 1 proto 2 time 3106.501953
gpu02:240881:240881 [0] NCCL INFO AllReduce: opCount 4 sendbuff 0x7f9b91dfa000 recvbuff 0x7f9b91dfa000 count 1 datatype 7 op 0 root 0 comm 0xa0838c0 [nranks=2] stream 0x1757db0
gpu02:240881:240881 [0] NCCL INFO 4 Bytes -> Algo 1 proto 0 time 8.600667
gpu02:240881:240881 [0] NCCL INFO AllReduce: opCount 5 sendbuff 0x7f9b91dfa200 recvbuff 0x7f9b91dfa200 count 1 datatype 4 op 0 root 0 comm 0xa0838c0 [nranks=2] stream 0x1757db0
gpu02:240881:240881 [0] NCCL INFO 8 Bytes -> Algo 1 proto 0 time 8.601334
gpu02:240881:240881 [0] NCCL INFO AllReduce: opCount 6 sendbuff 0x7f9b91dfa000 recvbuff 0x7f9b91dfa000 count 1 datatype 7 op 0 root 0 comm 0xa0838c0 [nranks=2] stream 0x1757db0
gpu02:240881:240881 [0] NCCL INFO 4 Bytes -> Algo 1 proto 0 time 8.600667
gpu02:240881:240881 [0] NCCL INFO AllReduce: opCount 7 sendbuff 0x7f9b91dfa200 recvbuff 0x7f9b91dfa200 count 1 datatype 7 op 0 root 0 comm 0xa0838c0 [nranks=2] stream 0x1757db0
gpu02:240881:240881 [0] NCCL INFO 4 Bytes -> Algo 1 proto 0 time 8.600667
gpu02:240881:240881 [0] NCCL INFO Broadcast: opCount 8 sendbuff 0x7f9b91dfa400 recvbuff 0x7f9b91dfa400 count 80 datatype 0 op 0 root 0 comm 0xa0838c0 [nranks=2] stream 0x1757db0
gpu02:240881:240881 [0] NCCL INFO 80 Bytes -> Algo 1 proto 0 time 7.613333
gpu02:240881:240881 [0] NCCL INFO Broadcast: opCount 9 sendbuff 0x7f9b91dfa600 recvbuff 0x7f9b91dfa600 count 12 datatype 0 op 0 root 0 comm 0xa0838c0 [nranks=2] stream 0x1757db0
gpu02:240881:240881 [0] NCCL INFO 12 Bytes -> Algo 1 proto 0 time 7.602000
gpu02:240881:241148 [0] NCCL INFO AllReduce: opCount a sendbuff 0x7f9ad7649000 recvbuff 0x7f9ad7649000 count 1350729 datatype 7 op 0 root 0 comm 0xa0838c0 [nranks=2] stream 0x1757db0
gpu02:240881:241148 [0] NCCL INFO 5402916 Bytes -> Algo 1 proto 2 time 470.042999
gpu02:240881:241148 [0] NCCL INFO AllReduce: opCount b sendbuff 0x7f9b64c00000 recvbuff 0x7f9b64c00000 count 6561281 datatype 7 op 0 root 0 comm 0xa0838c0 [nranks=2] stream 0x1757db0
gpu02:240881:241148 [0] NCCL INFO 26245124 Bytes -> Algo 1 proto 2 time 2206.893799
gpu02:240881:241148 [0] NCCL INFO AllReduce: opCount c sendbuff 0x7f9b66507a00 recvbuff 0x7f9b66507a00 count 1348096 datatype 7 op 0 root 0 comm 0xa0838c0 [nranks=2] stream 0x1757db0
gpu02:240881:241148 [0] NCCL INFO 5392384 Bytes -> Algo 1 proto 2 time 469.165314
gpu02:240881:240881 [0] NCCL INFO AllReduce: opCount d sendbuff 0x7f9b91de4c00 recvbuff 0x7f9b91de4c00 count 1 datatype 7 op 0 root 0 comm 0xa0838c0 [nranks=2] stream 0x1757db0
gpu02:240881:240881 [0] NCCL INFO 4 Bytes -> Algo 1 proto 0 time 8.600667
gpu02:240881:240881 [0] NCCL INFO AllReduce: opCount e sendbuff 0x7f9b91de4e00 recvbuff 0x7f9b91de4e00 count 1 datatype 4 op 0 root 0 comm 0xa0838c0 [nranks=2] stream 0x1757db0
gpu02:240881:240881 [0] NCCL INFO 8 Bytes -> Algo 1 proto 0 time 8.601334
gpu02:240881:240881 [0] NCCL INFO AllReduce: opCount f sendbuff 0x7f9b91dfa000 recvbuff 0x7f9b91dfa000 count 1 datatype 7 op 0 root 0 comm 0xa0838c0 [nranks=2] stream 0x1757db0
gpu02:240881:240881 [0] NCCL INFO 4 Bytes -> Algo 1 proto 0 time 8.600667
gpu02:240881:240881 [0] NCCL INFO AllReduce: opCount 10 sendbuff 0x7f9b91dfa200 recvbuff 0x7f9b91dfa200 count 1 datatype 7 op 0 root 0 comm 0xa0838c0 [nranks=2] stream 0x1757db0
gpu02:240881:240881 [0] NCCL INFO 4 Bytes -> Algo 1 proto 0 time 8.600667
gpu02:240881:241148 [0] NCCL INFO AllReduce: opCount 11 sendbuff 0x7f9ad7649000 recvbuff 0x7f9ad7649000 count 1350729 datatype 7 op 0 root 0 comm 0xa0838c0 [nranks=2] stream 0x1757db0
gpu02:240881:241148 [0] NCCL INFO 5402916 Bytes -> Algo 1 proto 2 time 470.042999
gpu02:240881:241148 [0] NCCL INFO AllReduce: opCount 12 sendbuff 0x7f9b64c00000 recvbuff 0x7f9b64c00000 count 6561281 datatype 7 op 0 root 0 comm 0xa0838c0 [nranks=2] stream 0x1757db0
gpu02:240881:241148 [0] NCCL INFO 26245124 Bytes -> Algo 1 proto 2 time 2206.893799
gpu02:240881:241148 [0] NCCL INFO AllReduce: opCount 13 sendbuff 0x7f9b66507a00 recvbuff 0x7f9b66507a00 count 1348096 datatype 7 op 0 root 0 comm 0xa0838c0 [nranks=2] stream 0x1757db0
gpu02:240881:241148 [0] NCCL INFO 5392384 Bytes -> Algo 1 proto 2 time 469.165314
gpu02:240881:240881 [0] NCCL INFO AllReduce: opCount 14 sendbuff 0x7f9b91de5800 recvbuff 0x7f9b91de5800 count 1 datatype 7 op 0 root 0 comm 0xa0838c0 [nranks=2] stream 0x1757db0
gpu02:240881:240881 [0] NCCL INFO 4 Bytes -> Algo 1 proto 0 time 8.600667
gpu02:240881:240881 [0] NCCL INFO AllReduce: opCount 15 sendbuff 0x7f9b91de5a00 recvbuff 0x7f9b91de5a00 count 1 datatype 4 op 0 root 0 comm 0xa0838c0 [nranks=2] stream 0x1757db0
gpu02:240881:240881 [0] NCCL INFO 8 Bytes -> Algo 1 proto 0 time 8.601334
gpu02:240881:240881 [0] NCCL INFO AllReduce: opCount 16 sendbuff 0x7f9b91de5800 recvbuff 0x7f9b91de5800 count 1 datatype 7 op 0 root 0 comm 0xa0838c0 [nranks=2] stream 0x1757db0
gpu02:240881:240881 [0] NCCL INFO 4 Bytes -> Algo 1 proto 0 time 8.600667
gpu02:240881:240881 [0] NCCL INFO AllReduce: opCount 17 sendbuff 0x7f9b91de5a00 recvbuff 0x7f9b91de5a00 count 1 datatype 7 op 0 root 0 comm 0xa0838c0 [nranks=2] stream 0x1757db0
gpu02:240881:240881 [0] NCCL INFO 4 Bytes -> Algo 1 proto 0 time 8.600667
gpu02:240881:241148 [0] NCCL INFO AllReduce: opCount 18 sendbuff 0x7f9ad7649000 recvbuff 0x7f9ad7649000 count 1350729 datatype 7 op 0 root 0 comm 0xa0838c0 [nranks=2] stream 0x1757db0
gpu02:240881:241148 [0] NCCL INFO 5402916 Bytes -> Algo 1 proto 2 time 470.042999
gpu02:240881:241148 [0] NCCL INFO AllReduce: opCount 19 sendbuff 0x7f9b64c00000 recvbuff 0x7f9b64c00000 count 6561281 datatype 7 op 0 root 0 comm 0xa0838c0 [nranks=2] stream 0x1757db0
gpu02:240881:241148 [0] NCCL INFO 26245124 Bytes -> Algo 1 proto 2 time 2206.893799
gpu02:240881:241148 [0] NCCL INFO AllReduce: opCount 1a sendbuff 0x7f9b66507a00 recvbuff 0x7f9b66507a00 count 1348096 datatype 7 op 0 root 0 comm 0xa0838c0 [nranks=2] stream 0x1757db0
gpu02:240881:241148 [0] NCCL INFO 5392384 Bytes -> Algo 1 proto 2 time 469.165314
gpu02:240881:240881 [0] NCCL INFO AllReduce: opCount 1b sendbuff 0x7f9b91dfd400 recvbuff 0x7f9b91dfd400 count 1 datatype 7 op 0 root 0 comm 0xa0838c0 [nranks=2] stream 0x1757db0
gpu02:240881:240881 [0] NCCL INFO 4 Bytes -> Algo 1 proto 0 time 8.600667
gpu02:240881:240881 [0] NCCL INFO AllReduce: opCount 1c sendbuff 0x7f9b91ee1600 recvbuff 0x7f9b91ee1600 count 1 datatype 4 op 0 root 0 comm 0xa0838c0 [nranks=2] stream 0x1757db0
gpu02:240881:240881 [0] NCCL INFO 8 Bytes -> Algo 1 proto 0 time 8.601334
gpu02:240881:240881 [0] NCCL INFO AllReduce: opCount 1d sendbuff 0x7f9b91dfd400 recvbuff 0x7f9b91dfd400 count 1 datatype 7 op 0 root 0 comm 0xa0838c0 [nranks=2] stream 0x1757db0
gpu02:240881:240881 [0] NCCL INFO 4 Bytes -> Algo 1 proto 0 time 8.600667
gpu02:240881:240881 [0] NCCL INFO AllReduce: opCount 1e sendbuff 0x7f9b91ee1600 recvbuff 0x7f9b91ee1600 count 1 datatype 7 op 0 root 0 comm 0xa0838c0 [nranks=2] stream 0x1757db0
gpu02:240881:240881 [0] NCCL INFO 4 Bytes -> Algo 1 proto 0 time 8.600667
gpu02:240881:241148 [0] NCCL INFO AllReduce: opCount 1f sendbuff 0x7f9ad7649000 recvbuff 0x7f9ad7649000 count 1350729 datatype 7 op 0 root 0 comm 0xa0838c0 [nranks=2] stream 0x1757db0
gpu02:240881:241148 [0] NCCL INFO 5402916 Bytes -> Algo 1 proto 2 time 470.042999
gpu02:240881:241148 [0] NCCL INFO AllReduce: opCount 20 sendbuff 0x7f9b64c00000 recvbuff 0x7f9b64c00000 count 6561281 datatype 7 op 0 root 0 comm 0xa0838c0 [nranks=2] stream 0x1757db0
gpu02:240881:241148 [0] NCCL INFO 26245124 Bytes -> Algo 1 proto 2 time 2206.893799
gpu02:240881:241148 [0] NCCL INFO AllReduce: opCount 21 sendbuff 0x7f9b66507a00 recvbuff 0x7f9b66507a00 count 1348096 datatype 7 op 0 root 0 comm 0xa0838c0 [nranks=2] stream 0x1757db0
gpu02:240881:241148 [0] NCCL INFO 5392384 Bytes -> Algo 1 proto 2 time 469.165314
gpu02:240881:240881 [0] NCCL INFO AllReduce: opCount 22 sendbuff 0x7f9b7b8ffe00 recvbuff 0x7f9b7b8ffe00 count 1 datatype 7 op 0 root 0 comm 0xa0838c0 [nranks=2] stream 0x1757db0
gpu02:240881:240881 [0] NCCL INFO 4 Bytes -> Algo 1 proto 0 time 8.600667
gpu02:240881:240881 [0] NCCL INFO AllReduce: opCount 23 sendbuff 0x7f9b91ee1800 recvbuff 0x7f9b91ee1800 count 1 datatype 4 op 0 root 0 comm 0xa0838c0 [nranks=2] stream 0x1757db0
gpu02:240881:240881 [0] NCCL INFO 8 Bytes -> Algo 1 proto 0 time 8.601334
gpu02:240881:240881 [0] NCCL INFO AllReduce: opCount 24 sendbuff 0x7f9b7b8ffe00 recvbuff 0x7f9b7b8ffe00 count 1 datatype 7 op 0 root 0 comm 0xa0838c0 [nranks=2] stream 0x1757db0
gpu02:240881:240881 [0] NCCL INFO 4 Bytes -> Algo 1 proto 0 time 8.600667
gpu02:240881:240881 [0] NCCL INFO AllReduce: opCount 25 sendbuff 0x7f9b91ee1c00 recvbuff 0x7f9b91ee1c00 count 1 datatype 7 op 0 root 0 comm 0xa0838c0 [nranks=2] stream 0x1757db0
gpu02:240881:240881 [0] NCCL INFO 4 Bytes -> Algo 1 proto 0 time 8.600667
gpu02:240881:241148 [0] NCCL INFO AllReduce: opCount 26 sendbuff 0x7f9ad7649000 recvbuff 0x7f9ad7649000 count 1350729 datatype 7 op 0 root 0 comm 0xa0838c0 [nranks=2] stream 0x1757db0
gpu02:240881:241148 [0] NCCL INFO 5402916 Bytes -> Algo 1 proto 2 time 470.042999
gpu02:240881:241148 [0] NCCL INFO AllReduce: opCount 27 sendbuff 0x7f9b64c00000 recvbuff 0x7f9b64c00000 count 6561281 datatype 7 op 0 root 0 comm 0xa0838c0 [nranks=2] stream 0x1757db0
gpu02:240881:241148 [0] NCCL INFO 26245124 Bytes -> Algo 1 proto 2 time 2206.893799
gpu02:240881:241148 [0] NCCL INFO AllReduce: opCount 28 sendbuff 0x7f9b66507a00 recvbuff 0x7f9b66507a00 count 1348096 datatype 7 op 0 root 0 comm 0xa0838c0 [nranks=2] stream 0x1757db0
gpu02:240881:241148 [0] NCCL INFO 5392384 Bytes -> Algo 1 proto 2 time 469.165314
gpu02:240881:240881 [0] NCCL INFO AllReduce: opCount 29 sendbuff 0x7f9b91dffe00 recvbuff 0x7f9b91dffe00 count 1 datatype 7 op 0 root 0 comm 0xa0838c0 [nranks=2] stream 0x1757db0
gpu02:240881:240881 [0] NCCL INFO 4 Bytes -> Algo 1 proto 0 time 8.600667
gpu02:240881:240881 [0] NCCL INFO AllReduce: opCount 2a sendbuff 0x7f9b91dfe400 recvbuff 0x7f9b91dfe400 count 1 datatype 4 op 0 root 0 comm 0xa0838c0 [nranks=2] stream 0x1757db0
gpu02:240881:240881 [0] NCCL INFO 8 Bytes -> Algo 1 proto 0 time 8.601334
gpu02:240881:240881 [0] NCCL INFO AllReduce: opCount 2b sendbuff 0x7f9b7b8ffe00 recvbuff 0x7f9b7b8ffe00 count 1 datatype 7 op 0 root 0 comm 0xa0838c0 [nranks=2] stream 0x1757db0
gpu02:240881:240881 [0] NCCL INFO 4 Bytes -> Algo 1 proto 0 time 8.600667
gpu02:240881:240881 [0] NCCL INFO AllReduce: opCount 2c sendbuff 0x7f9b91dffe00 recvbuff 0x7f9b91dffe00 count 1 datatype 7 op 0 root 0 comm 0xa0838c0 [nranks=2] stream 0x1757db0
gpu02:240881:240881 [0] NCCL INFO 4 Bytes -> Algo 1 proto 0 time 8.600667
gpu02:240881:241148 [0] NCCL INFO AllReduce: opCount 2d sendbuff 0x7f9ad7649000 recvbuff 0x7f9ad7649000 count 1350729 datatype 7 op 0 root 0 comm 0xa0838c0 [nranks=2] stream 0x1757db0
gpu02:240881:241148 [0] NCCL INFO 5402916 Bytes -> Algo 1 proto 2 time 470.042999
gpu02:240881:241148 [0] NCCL INFO AllReduce: opCount 2e sendbuff 0x7f9b64c00000 recvbuff 0x7f9b64c00000 count 6561281 datatype 7 op 0 root 0 comm 0xa0838c0 [nranks=2] stream 0x1757db0
gpu02:240881:241148 [0] NCCL INFO 26245124 Bytes -> Algo 1 proto 2 time 2206.893799
gpu02:240881:241148 [0] NCCL INFO AllReduce: opCount 2f sendbuff 0x7f9b66507a00 recvbuff 0x7f9b66507a00 count 1348096 datatype 7 op 0 root 0 comm 0xa0838c0 [nranks=2] stream 0x1757db0
gpu02:240881:241148 [0] NCCL INFO 5392384 Bytes -> Algo 1 proto 2 time 469.165314
gpu02:240881:240881 [0] NCCL INFO AllReduce: opCount 30 sendbuff 0x7f9b7b5ff800 recvbuff 0x7f9b7b5ff800 count 1 datatype 7 op 0 root 0 comm 0xa0838c0 [nranks=2] stream 0x1757db0
gpu02:240881:240881 [0] NCCL INFO 4 Bytes -> Algo 1 proto 0 time 8.600667
gpu02:240881:240881 [0] NCCL INFO AllReduce: opCount 31 sendbuff 0x7f9b7b5ffc00 recvbuff 0x7f9b7b5ffc00 count 1 datatype 4 op 0 root 0 comm 0xa0838c0 [nranks=2] stream 0x1757db0
gpu02:240881:240881 [0] NCCL INFO 8 Bytes -> Algo 1 proto 0 time 8.601334
gpu02:240881:240881 [0] NCCL INFO AllReduce: opCount 32 sendbuff 0x7f9b7b5ff800 recvbuff 0x7f9b7b5ff800 count 1 datatype 7 op 0 root 0 comm 0xa0838c0 [nranks=2] stream 0x1757db0
gpu02:240881:240881 [0] NCCL INFO 4 Bytes -> Algo 1 proto 0 time 8.600667
gpu02:240881:240881 [0] NCCL INFO AllReduce: opCount 33 sendbuff 0x7f9b7b8ffe00 recvbuff 0x7f9b7b8ffe00 count 1 datatype 7 op 0 root 0 comm 0xa0838c0 [nranks=2] stream 0x1757db0
gpu02:240881:240881 [0] NCCL INFO 4 Bytes -> Algo 1 proto 0 time 8.600667
gpu02:240881:241148 [0] NCCL INFO AllReduce: opCount 34 sendbuff 0x7f9ad7649000 recvbuff 0x7f9ad7649000 count 1350729 datatype 7 op 0 root 0 comm 0xa0838c0 [nranks=2] stream 0x1757db0
gpu02:240881:241148 [0] NCCL INFO 5402916 Bytes -> Algo 1 proto 2 time 470.042999
gpu02:240881:241148 [0] NCCL INFO AllReduce: opCount 35 sendbuff 0x7f9b64c00000 recvbuff 0x7f9b64c00000 count 6561281 datatype 7 op 0 root 0 comm 0xa0838c0 [nranks=2] stream 0x1757db0
gpu02:240881:241148 [0] NCCL INFO 26245124 Bytes -> Algo 1 proto 2 time 2206.893799
gpu02:240881:241148 [0] NCCL INFO AllReduce: opCount 36 sendbuff 0x7f9b66507a00 recvbuff 0x7f9b66507a00 count 1348096 datatype 7 op 0 root 0 comm 0xa0838c0 [nranks=2] stream 0x1757db0
gpu02:240881:241148 [0] NCCL INFO 5392384 Bytes -> Algo 1 proto 2 time 469.165314
gpu02:240881:240881 [0] NCCL INFO AllReduce: opCount 37 sendbuff 0x7f9b7b5ffe00 recvbuff 0x7f9b7b5ffe00 count 1 datatype 7 op 0 root 0 comm 0xa0838c0 [nranks=2] stream 0x1757db0
gpu02:240881:240881 [0] NCCL INFO 4 Bytes -> Algo 1 proto 0 time 8.600667
gpu02:240881:240881 [0] NCCL INFO AllReduce: opCount 38 sendbuff 0x7f9b7b8ff800 recvbuff 0x7f9b7b8ff800 count 1 datatype 4 op 0 root 0 comm 0xa0838c0 [nranks=2] stream 0x1757db0
gpu02:240881:240881 [0] NCCL INFO 8 Bytes -> Algo 1 proto 0 time 8.601334
gpu02:240881:240881 [0] NCCL INFO AllReduce: opCount 39 sendbuff 0x7f9b7b5ffe00 recvbuff 0x7f9b7b5ffe00 count 1 datatype 7 op 0 root 0 comm 0xa0838c0 [nranks=2] stream 0x1757db0
gpu02:240881:240881 [0] NCCL INFO 4 Bytes -> Algo 1 proto 0 time 8.600667
gpu02:240881:240881 [0] NCCL INFO AllReduce: opCount 3a sendbuff 0x7f9b7b8ff800 recvbuff 0x7f9b7b8ff800 count 1 datatype 7 op 0 root 0 comm 0xa0838c0 [nranks=2] stream 0x1757db0
gpu02:240881:240881 [0] NCCL INFO 4 Bytes -> Algo 1 proto 0 time 8.600667
gpu02:240881:241148 [0] NCCL INFO AllReduce: opCount 3b sendbuff 0x7f9ad7649000 recvbuff 0x7f9ad7649000 count 1350729 datatype 7 op 0 root 0 comm 0xa0838c0 [nranks=2] stream 0x1757db0
gpu02:240881:241148 [0] NCCL INFO 5402916 Bytes -> Algo 1 proto 2 time 470.042999
gpu02:240881:241148 [0] NCCL INFO AllReduce: opCount 3c sendbuff 0x7f9b64c00000 recvbuff 0x7f9b64c00000 count 6561281 datatype 7 op 0 root 0 comm 0xa0838c0 [nranks=2] stream 0x1757db0
gpu02:240881:241148 [0] NCCL INFO 26245124 Bytes -> Algo 1 proto 2 time 2206.893799
gpu02:240881:241148 [0] NCCL INFO AllReduce: opCount 3d sendbuff 0x7f9b66507a00 recvbuff 0x7f9b66507a00 count 1348096 datatype 7 op 0 root 0 comm 0xa0838c0 [nranks=2] stream 0x1757db0
gpu02:240881:241148 [0] NCCL INFO 5392384 Bytes -> Algo 1 proto 2 time 469.165314
gpu02:240881:240881 [0] NCCL INFO AllReduce: opCount 3e sendbuff 0x7f9b7b8ffa00 recvbuff 0x7f9b7b8ffa00 count 1 datatype 7 op 0 root 0 comm 0xa0838c0 [nranks=2] stream 0x1757db0
gpu02:240881:240881 [0] NCCL INFO 4 Bytes -> Algo 1 proto 0 time 8.600667
gpu02:240881:240881 [0] NCCL INFO AllReduce: opCount 3f sendbuff 0x7f9b7b8ffe00 recvbuff 0x7f9b7b8ffe00 count 1 datatype 4 op 0 root 0 comm 0xa0838c0 [nranks=2] stream 0x1757db0
gpu02:240881:240881 [0] NCCL INFO 8 Bytes -> Algo 1 proto 0 time 8.601334
gpu02:240881:240881 [0] NCCL INFO AllReduce: opCount 40 sendbuff 0x7f9b7b5ffe00 recvbuff 0x7f9b7b5ffe00 count 1 datatype 7 op 0 root 0 comm 0xa0838c0 [nranks=2] stream 0x1757db0
gpu02:240881:240881 [0] NCCL INFO 4 Bytes -> Algo 1 proto 0 time 8.600667
gpu02:240881:240881 [0] NCCL INFO AllReduce: opCount 41 sendbuff 0x7f9b7b8ffe00 recvbuff 0x7f9b7b8ffe00 count 1 datatype 7 op 0 root 0 comm 0xa0838c0 [nranks=2] stream 0x1757db0
gpu02:240881:240881 [0] NCCL INFO 4 Bytes -> Algo 1 proto 0 time 8.600667
gpu02:240881:241148 [0] NCCL INFO AllReduce: opCount 42 sendbuff 0x7f9ad7649000 recvbuff 0x7f9ad7649000 count 1350729 datatype 7 op 0 root 0 comm 0xa0838c0 [nranks=2] stream 0x1757db0
gpu02:240881:241148 [0] NCCL INFO 5402916 Bytes -> Algo 1 proto 2 time 470.042999
gpu02:240881:241148 [0] NCCL INFO AllReduce: opCount 43 sendbuff 0x7f9b64c00000 recvbuff 0x7f9b64c00000 count 6561281 datatype 7 op 0 root 0 comm 0xa0838c0 [nranks=2] stream 0x1757db0
gpu02:240881:241148 [0] NCCL INFO 26245124 Bytes -> Algo 1 proto 2 time 2206.893799
gpu02:240881:241148 [0] NCCL INFO AllReduce: opCount 44 sendbuff 0x7f9b66507a00 recvbuff 0x7f9b66507a00 count 1348096 datatype 7 op 0 root 0 comm 0xa0838c0 [nranks=2] stream 0x1757db0
gpu02:240881:241148 [0] NCCL INFO 5392384 Bytes -> Algo 1 proto 2 time 469.165314
gpu02:240881:240881 [0] NCCL INFO AllReduce: opCount 45 sendbuff 0x7f9b7b7ffa00 recvbuff 0x7f9b7b7ffa00 count 1 datatype 7 op 0 root 0 comm 0xa0838c0 [nranks=2] stream 0x1757db0
gpu02:240881:240881 [0] NCCL INFO 4 Bytes -> Algo 1 proto 0 time 8.600667
gpu02:240881:240881 [0] NCCL INFO AllReduce: opCount 46 sendbuff 0x7f9b7b7ffc00 recvbuff 0x7f9b7b7ffc00 count 1 datatype 4 op 0 root 0 comm 0xa0838c0 [nranks=2] stream 0x1757db0
gpu02:240881:240881 [0] NCCL INFO 8 Bytes -> Algo 1 proto 0 time 8.601334
gpu02:240881:240881 [0] NCCL INFO AllReduce: opCount 47 sendbuff 0x7f9b7b7ffa00 recvbuff 0x7f9b7b7ffa00 count 1 datatype 7 op 0 root 0 comm 0xa0838c0 [nranks=2] stream 0x1757db0
gpu02:240881:240881 [0] NCCL INFO 4 Bytes -> Algo 1 proto 0 time 8.600667
gpu02:240881:240881 [0] NCCL INFO AllReduce: opCount 48 sendbuff 0x7f9b7b7ffc00 recvbuff 0x7f9b7b7ffc00 count 1 datatype 7 op 0 root 0 comm 0xa0838c0 [nranks=2] stream 0x1757db0
gpu02:240881:240881 [0] NCCL INFO 4 Bytes -> Algo 1 proto 0 time 8.600667
gpu02:240881:241148 [0] NCCL INFO AllReduce: opCount 49 sendbuff 0x7f9ad7649000 recvbuff 0x7f9ad7649000 count 1350729 datatype 7 op 0 root 0 comm 0xa0838c0 [nranks=2] stream 0x1757db0
gpu02:240881:241148 [0] NCCL INFO 5402916 Bytes -> Algo 1 proto 2 time 470.042999
gpu02:240881:241148 [0] NCCL INFO AllReduce: opCount 4a sendbuff 0x7f9b64c00000 recvbuff 0x7f9b64c00000 count 6561281 datatype 7 op 0 root 0 comm 0xa0838c0 [nranks=2] stream 0x1757db0
gpu02:240881:241148 [0] NCCL INFO 26245124 Bytes -> Algo 1 proto 2 time 2206.893799
gpu02:240881:241148 [0] NCCL INFO AllReduce: opCount 4b sendbuff 0x7f9b66507a00 recvbuff 0x7f9b66507a00 count 1348096 datatype 7 op 0 root 0 comm 0xa0838c0 [nranks=2] stream 0x1757db0
gpu02:240881:241148 [0] NCCL INFO 5392384 Bytes -> Algo 1 proto 2 time 469.165314
gpu02:240881:240881 [0] NCCL INFO AllReduce: opCount 4c sendbuff 0x7f9b7bbffe00 recvbuff 0x7f9b7bbffe00 count 1 datatype 7 op 0 root 0 comm 0xa0838c0 [nranks=2] stream 0x1757db0
gpu02:240881:240881 [0] NCCL INFO 4 Bytes -> Algo 1 proto 0 time 8.600667
gpu02:240881:240881 [0] NCCL INFO AllReduce: opCount 4d sendbuff 0x7f9b7bfffe00 recvbuff 0x7f9b7bfffe00 count 1 datatype 4 op 0 root 0 comm 0xa0838c0 [nranks=2] stream 0x1757db0
gpu02:240881:240881 [0] NCCL INFO 8 Bytes -> Algo 1 proto 0 time 8.601334
gpu02:240881:240881 [0] NCCL INFO AllReduce: opCount 4e sendbuff 0x7f9b7bbffe00 recvbuff 0x7f9b7bbffe00 count 1 datatype 7 op 0 root 0 comm 0xa0838c0 [nranks=2] stream 0x1757db0
gpu02:240881:240881 [0] NCCL INFO 4 Bytes -> Algo 1 proto 0 time 8.600667
gpu02:240881:240881 [0] NCCL INFO AllReduce: opCount 4f sendbuff 0x7f9b7bfffe00 recvbuff 0x7f9b7bfffe00 count 1 datatype 7 op 0 root 0 comm 0xa0838c0 [nranks=2] stream 0x1757db0
gpu02:240881:240881 [0] NCCL INFO 4 Bytes -> Algo 1 proto 0 time 8.600667
gpu02:240881:241148 [0] NCCL INFO AllReduce: opCount 50 sendbuff 0x7f9ad7649000 recvbuff 0x7f9ad7649000 count 1350729 datatype 7 op 0 root 0 comm 0xa0838c0 [nranks=2] stream 0x1757db0
gpu02:240881:241148 [0] NCCL INFO 5402916 Bytes -> Algo 1 proto 2 time 470.042999
gpu02:240881:241148 [0] NCCL INFO AllReduce: opCount 51 sendbuff 0x7f9b64c00000 recvbuff 0x7f9b64c00000 count 6561281 datatype 7 op 0 root 0 comm 0xa0838c0 [nranks=2] stream 0x1757db0
gpu02:240881:241148 [0] NCCL INFO 26245124 Bytes -> Algo 1 proto 2 time 2206.893799
gpu02:240881:241148 [0] NCCL INFO AllReduce: opCount 52 sendbuff 0x7f9b66507a00 recvbuff 0x7f9b66507a00 count 1348096 datatype 7 op 0 root 0 comm 0xa0838c0 [nranks=2] stream 0x1757db0
gpu02:240881:241148 [0] NCCL INFO 5392384 Bytes -> Algo 1 proto 2 time 469.165314
gpu02:240881:240881 [0] NCCL INFO AllReduce: opCount 53 sendbuff 0x7f9b7b7ffc00 recvbuff 0x7f9b7b7ffc00 count 1 datatype 7 op 0 root 0 comm 0xa0838c0 [nranks=2] stream 0x1757db0
gpu02:240881:240881 [0] NCCL INFO 4 Bytes -> Algo 1 proto 0 time 8.600667
gpu02:240881:240881 [0] NCCL INFO AllReduce: opCount 54 sendbuff 0x7f9b7b8ffe00 recvbuff 0x7f9b7b8ffe00 count 1 datatype 4 op 0 root 0 comm 0xa0838c0 [nranks=2] stream 0x1757db0
gpu02:240881:240881 [0] NCCL INFO 8 Bytes -> Algo 1 proto 0 time 8.601334
gpu02:240881:240881 [0] NCCL INFO AllReduce: opCount 55 sendbuff 0x7f9b7b7ffc00 recvbuff 0x7f9b7b7ffc00 count 1 datatype 7 op 0 root 0 comm 0xa0838c0 [nranks=2] stream 0x1757db0
gpu02:240881:240881 [0] NCCL INFO 4 Bytes -> Algo 1 proto 0 time 8.600667
gpu02:240881:240881 [0] NCCL INFO AllReduce: opCount 56 sendbuff 0x7f9b7b8ffe00 recvbuff 0x7f9b7b8ffe00 count 1 datatype 7 op 0 root 0 comm 0xa0838c0 [nranks=2] stream 0x1757db0
gpu02:240881:240881 [0] NCCL INFO 4 Bytes -> Algo 1 proto 0 time 8.600667
gpu02:240881:241148 [0] NCCL INFO AllReduce: opCount 57 sendbuff 0x7f9ad7649000 recvbuff 0x7f9ad7649000 count 1350729 datatype 7 op 0 root 0 comm 0xa0838c0 [nranks=2] stream 0x1757db0
gpu02:240881:241148 [0] NCCL INFO 5402916 Bytes -> Algo 1 proto 2 time 470.042999
gpu02:240881:241148 [0] NCCL INFO AllReduce: opCount 58 sendbuff 0x7f9b64c00000 recvbuff 0x7f9b64c00000 count 6561281 datatype 7 op 0 root 0 comm 0xa0838c0 [nranks=2] stream 0x1757db0
gpu02:240881:241148 [0] NCCL INFO 26245124 Bytes -> Algo 1 proto 2 time 2206.893799
gpu02:240881:241148 [0] NCCL INFO AllReduce: opCount 59 sendbuff 0x7f9b66507a00 recvbuff 0x7f9b66507a00 count 1348096 datatype 7 op 0 root 0 comm 0xa0838c0 [nranks=2] stream 0x1757db0
gpu02:240881:241148 [0] NCCL INFO 5392384 Bytes -> Algo 1 proto 2 time 469.165314
gpu02:240881:240881 [0] NCCL INFO AllReduce: opCount 5a sendbuff 0x7f9b7b7ffe00 recvbuff 0x7f9b7b7ffe00 count 1 datatype 7 op 0 root 0 comm 0xa0838c0 [nranks=2] stream 0x1757db0
gpu02:240881:240881 [0] NCCL INFO 4 Bytes -> Algo 1 proto 0 time 8.600667
gpu02:240881:240881 [0] NCCL INFO AllReduce: opCount 5b sendbuff 0x7f9b91c8e600 recvbuff 0x7f9b91c8e600 count 1 datatype 4 op 0 root 0 comm 0xa0838c0 [nranks=2] stream 0x1757db0
gpu02:240881:240881 [0] NCCL INFO 8 Bytes -> Algo 1 proto 0 time 8.601334
gpu02:240881:240881 [0] NCCL INFO AllReduce: opCount 5c sendbuff 0x7f9b91c8e600 recvbuff 0x7f9b91c8e600 count 1 datatype 7 op 0 root 0 comm 0xa0838c0 [nranks=2] stream 0x1757db0
gpu02:240881:240881 [0] NCCL INFO 4 Bytes -> Algo 1 proto 0 time 8.600667
gpu02:240881:240881 [0] NCCL INFO AllReduce: opCount 5d sendbuff 0x7f9b91c91c00 recvbuff 0x7f9b91c91c00 count 1 datatype 7 op 0 root 0 comm 0xa0838c0 [nranks=2] stream 0x1757db0
gpu02:240881:240881 [0] NCCL INFO 4 Bytes -> Algo 1 proto 0 time 8.600667
gpu02:240881:241148 [0] NCCL INFO AllReduce: opCount 5e sendbuff 0x7f9ad7649000 recvbuff 0x7f9ad7649000 count 1350729 datatype 7 op 0 root 0 comm 0xa0838c0 [nranks=2] stream 0x1757db0
gpu02:240881:241148 [0] NCCL INFO 5402916 Bytes -> Algo 1 proto 2 time 470.042999
gpu02:240881:241148 [0] NCCL INFO AllReduce: opCount 5f sendbuff 0x7f9b64c00000 recvbuff 0x7f9b64c00000 count 6561281 datatype 7 op 0 root 0 comm 0xa0838c0 [nranks=2] stream 0x1757db0
gpu02:240881:241148 [0] NCCL INFO 26245124 Bytes -> Algo 1 proto 2 time 2206.893799
gpu02:240881:241148 [0] NCCL INFO AllReduce: opCount 60 sendbuff 0x7f9b66507a00 recvbuff 0x7f9b66507a00 count 1348096 datatype 7 op 0 root 0 comm 0xa0838c0 [nranks=2] stream 0x1757db0
gpu02:240881:241148 [0] NCCL INFO 5392384 Bytes -> Algo 1 proto 2 time 469.165314
gpu02:240881:240881 [0] NCCL INFO AllReduce: opCount 61 sendbuff 0x7f9b91c91e00 recvbuff 0x7f9b91c91e00 count 1 datatype 7 op 0 root 0 comm 0xa0838c0 [nranks=2] stream 0x1757db0
gpu02:240881:240881 [0] NCCL INFO 4 Bytes -> Algo 1 proto 0 time 8.600667
gpu02:240881:240881 [0] NCCL INFO AllReduce: opCount 62 sendbuff 0x7f9b7b1ffc00 recvbuff 0x7f9b7b1ffc00 count 1 datatype 4 op 0 root 0 comm 0xa0838c0 [nranks=2] stream 0x1757db0
gpu02:240881:240881 [0] NCCL INFO 8 Bytes -> Algo 1 proto 0 time 8.601334
gpu02:240881:240881 [0] NCCL INFO AllReduce: opCount 63 sendbuff 0x7f9b7b1ffc00 recvbuff 0x7f9b7b1ffc00 count 1 datatype 7 op 0 root 0 comm 0xa0838c0 [nranks=2] stream 0x1757db0
gpu02:240881:240881 [0] NCCL INFO 4 Bytes -> Algo 1 proto 0 time 8.600667
gpu02:240881:240881 [0] NCCL INFO AllReduce: opCount 64 sendbuff 0x7f9b7b1ffe00 recvbuff 0x7f9b7b1ffe00 count 1 datatype 7 op 0 root 0 comm 0xa0838c0 [nranks=2] stream 0x1757db0
gpu02:240881:240881 [0] NCCL INFO 4 Bytes -> Algo 1 proto 0 time 8.600667
gpu02:240881:241148 [0] NCCL INFO AllReduce: opCount 65 sendbuff 0x7f9ad7649000 recvbuff 0x7f9ad7649000 count 1350729 datatype 7 op 0 root 0 comm 0xa0838c0 [nranks=2] stream 0x1757db0
gpu02:240881:241148 [0] NCCL INFO 5402916 Bytes -> Algo 1 proto 2 time 470.042999
gpu02:240881:241148 [0] NCCL INFO AllReduce: opCount 66 sendbuff 0x7f9b64c00000 recvbuff 0x7f9b64c00000 count 6561281 datatype 7 op 0 root 0 comm 0xa0838c0 [nranks=2] stream 0x1757db0
gpu02:240881:241148 [0] NCCL INFO 26245124 Bytes -> Algo 1 proto 2 time 2206.893799
gpu02:240881:241148 [0] NCCL INFO AllReduce: opCount 67 sendbuff 0x7f9b66507a00 recvbuff 0x7f9b66507a00 count 1348096 datatype 7 op 0 root 0 comm 0xa0838c0 [nranks=2] stream 0x1757db0
gpu02:240881:241148 [0] NCCL INFO 5392384 Bytes -> Algo 1 proto 2 time 469.165314
gpu02:240881:240881 [0] NCCL INFO AllReduce: opCount 68 sendbuff 0x7f9b7b091000 recvbuff 0x7f9b7b091000 count 1 datatype 7 op 0 root 0 comm 0xa0838c0 [nranks=2] stream 0x1757db0
gpu02:240881:240881 [0] NCCL INFO 4 Bytes -> Algo 1 proto 0 time 8.600667
gpu02:240881:240881 [0] NCCL INFO AllReduce: opCount 69 sendbuff 0x7f9b7b091200 recvbuff 0x7f9b7b091200 count 1 datatype 4 op 0 root 0 comm 0xa0838c0 [nranks=2] stream 0x1757db0
gpu02:240881:240881 [0] NCCL INFO 8 Bytes -> Algo 1 proto 0 time 8.601334
gpu02:240881:240881 [0] NCCL INFO AllReduce: opCount 6a sendbuff 0x7f9b7b091000 recvbuff 0x7f9b7b091000 count 1 datatype 7 op 0 root 0 comm 0xa0838c0 [nranks=2] stream 0x1757db0
gpu02:240881:240881 [0] NCCL INFO 4 Bytes -> Algo 1 proto 0 time 8.600667
gpu02:240881:240881 [0] NCCL INFO AllReduce: opCount 6b sendbuff 0x7f9b7b091200 recvbuff 0x7f9b7b091200 count 1 datatype 7 op 0 root 0 comm 0xa0838c0 [nranks=2] stream 0x1757db0
gpu02:240881:240881 [0] NCCL INFO 4 Bytes -> Algo 1 proto 0 time 8.600667
gpu02:240881:241148 [0] NCCL INFO AllReduce: opCount 6c sendbuff 0x7f9ad7649000 recvbuff 0x7f9ad7649000 count 1350729 datatype 7 op 0 root 0 comm 0xa0838c0 [nranks=2] stream 0x1757db0
gpu02:240881:241148 [0] NCCL INFO 5402916 Bytes -> Algo 1 proto 2 time 470.042999
gpu02:240881:241148 [0] NCCL INFO AllReduce: opCount 6d sendbuff 0x7f9b64c00000 recvbuff 0x7f9b64c00000 count 6561281 datatype 7 op 0 root 0 comm 0xa0838c0 [nranks=2] stream 0x1757db0
gpu02:240881:241148 [0] NCCL INFO 26245124 Bytes -> Algo 1 proto 2 time 2206.893799
gpu02:240881:241148 [0] NCCL INFO AllReduce: opCount 6e sendbuff 0x7f9b66507a00 recvbuff 0x7f9b66507a00 count 1348096 datatype 7 op 0 root 0 comm 0xa0838c0 [nranks=2] stream 0x1757db0
gpu02:240881:241148 [0] NCCL INFO 5392384 Bytes -> Algo 1 proto 2 time 469.165314
gpu02:240881:240881 [0] NCCL INFO AllReduce: opCount 6f sendbuff 0x7f9b91dff400 recvbuff 0x7f9b91dff400 count 1 datatype 7 op 0 root 0 comm 0xa0838c0 [nranks=2] stream 0x1757db0
gpu02:240881:240881 [0] NCCL INFO 4 Bytes -> Algo 1 proto 0 time 8.600667
gpu02:240881:240881 [0] NCCL INFO AllReduce: opCount 70 sendbuff 0x7f9b91de1600 recvbuff 0x7f9b91de1600 count 1 datatype 4 op 0 root 0 comm 0xa0838c0 [nranks=2] stream 0x1757db0
gpu02:240881:240881 [0] NCCL INFO 8 Bytes -> Algo 1 proto 0 time 8.601334
gpu02:240881:240881 [0] NCCL INFO AllReduce: opCount 71 sendbuff 0x7f9b91dff400 recvbuff 0x7f9b91dff400 count 1 datatype 7 op 0 root 0 comm 0xa0838c0 [nranks=2] stream 0x1757db0
gpu02:240881:240881 [0] NCCL INFO 4 Bytes -> Algo 1 proto 0 time 8.600667
gpu02:240881:240881 [0] NCCL INFO AllReduce: opCount 72 sendbuff 0x7f9b91de1600 recvbuff 0x7f9b91de1600 count 1 datatype 7 op 0 root 0 comm 0xa0838c0 [nranks=2] stream 0x1757db0
gpu02:240881:240881 [0] NCCL INFO 4 Bytes -> Algo 1 proto 0 time 8.600667
gpu02:240881:241148 [0] NCCL INFO AllReduce: opCount 73 sendbuff 0x7f9ad7649000 recvbuff 0x7f9ad7649000 count 1350729 datatype 7 op 0 root 0 comm 0xa0838c0 [nranks=2] stream 0x1757db0
gpu02:240881:241148 [0] NCCL INFO 5402916 Bytes -> Algo 1 proto 2 time 470.042999
gpu02:240881:241148 [0] NCCL INFO AllReduce: opCount 74 sendbuff 0x7f9b64c00000 recvbuff 0x7f9b64c00000 count 6561281 datatype 7 op 0 root 0 comm 0xa0838c0 [nranks=2] stream 0x1757db0
gpu02:240881:241148 [0] NCCL INFO 26245124 Bytes -> Algo 1 proto 2 time 2206.893799
gpu02:240881:241148 [0] NCCL INFO AllReduce: opCount 75 sendbuff 0x7f9b66507a00 recvbuff 0x7f9b66507a00 count 1348096 datatype 7 op 0 root 0 comm 0xa0838c0 [nranks=2] stream 0x1757db0
gpu02:240881:241148 [0] NCCL INFO 5392384 Bytes -> Algo 1 proto 2 time 469.165314
gpu02:240881:240881 [0] NCCL INFO AllReduce: opCount 76 sendbuff 0x7f9b91de1800 recvbuff 0x7f9b91de1800 count 1 datatype 7 op 0 root 0 comm 0xa0838c0 [nranks=2] stream 0x1757db0
gpu02:240881:240881 [0] NCCL INFO 4 Bytes -> Algo 1 proto 0 time 8.600667
gpu02:240881:240881 [0] NCCL INFO AllReduce: opCount 77 sendbuff 0x7f9b91dffe00 recvbuff 0x7f9b91dffe00 count 1 datatype 4 op 0 root 0 comm 0xa0838c0 [nranks=2] stream 0x1757db0
gpu02:240881:240881 [0] NCCL INFO 8 Bytes -> Algo 1 proto 0 time 8.601334
gpu02:240881:240881 [0] NCCL INFO AllReduce: opCount 78 sendbuff 0x7f9b91dff400 recvbuff 0x7f9b91dff400 count 1 datatype 7 op 0 root 0 comm 0xa0838c0 [nranks=2] stream 0x1757db0
gpu02:240881:240881 [0] NCCL INFO 4 Bytes -> Algo 1 proto 0 time 8.600667
gpu02:240881:240881 [0] NCCL INFO AllReduce: opCount 79 sendbuff 0x7f9b91dffe00 recvbuff 0x7f9b91dffe00 count 1 datatype 7 op 0 root 0 comm 0xa0838c0 [nranks=2] stream 0x1757db0
gpu02:240881:240881 [0] NCCL INFO 4 Bytes -> Algo 1 proto 0 time 8.600667
gpu02:240881:241148 [0] NCCL INFO AllReduce: opCount 7a sendbuff 0x7f9ad7649000 recvbuff 0x7f9ad7649000 count 1350729 datatype 7 op 0 root 0 comm 0xa0838c0 [nranks=2] stream 0x1757db0
gpu02:240881:241148 [0] NCCL INFO 5402916 Bytes -> Algo 1 proto 2 time 470.042999
gpu02:240881:241148 [0] NCCL INFO AllReduce: opCount 7b sendbuff 0x7f9b64c00000 recvbuff 0x7f9b64c00000 count 6561281 datatype 7 op 0 root 0 comm 0xa0838c0 [nranks=2] stream 0x1757db0
gpu02:240881:241148 [0] NCCL INFO 26245124 Bytes -> Algo 1 proto 2 time 2206.893799
gpu02:240881:241148 [0] NCCL INFO AllReduce: opCount 7c sendbuff 0x7f9b66507a00 recvbuff 0x7f9b66507a00 count 1348096 datatype 7 op 0 root 0 comm 0xa0838c0 [nranks=2] stream 0x1757db0
gpu02:240881:241148 [0] NCCL INFO 5392384 Bytes -> Algo 1 proto 2 time 469.165314
gpu02:240881:240881 [0] NCCL INFO AllReduce: opCount 7d sendbuff 0x7f9b91dfd400 recvbuff 0x7f9b91dfd400 count 1 datatype 7 op 0 root 0 comm 0xa0838c0 [nranks=2] stream 0x1757db0
gpu02:240881:240881 [0] NCCL INFO 4 Bytes -> Algo 1 proto 0 time 8.600667
gpu02:240881:240881 [0] NCCL INFO AllReduce: opCount 7e sendbuff 0x7f9b91dfd600 recvbuff 0x7f9b91dfd600 count 1 datatype 4 op 0 root 0 comm 0xa0838c0 [nranks=2] stream 0x1757db0
gpu02:240881:240881 [0] NCCL INFO 8 Bytes -> Algo 1 proto 0 time 8.601334
